ASxxxx Linker V03.00 + NoICE + sdld,  page 1.
Hexadecimal  [32-Bits]

Area                       Addr        Size        Decimal Bytes (Attributes)
--------------------       ----        ----        ------- ----- ------------
.  .ABS.               00000000    00000000 =           0. bytes (ABS,CON)

        Value  Global            Value  Global            Value  Global    
        -----  ------            -----  ------            -----  ------    
     00000000  .__.ABS.  |    00000000  _rRAMG    |    00000000  l__BASE  
     00000000  l__BSS    |    00000000  l__CABS   |    00000000  l__CODE_0
     00000000  l__DABS   |    00000000  l__HEADER |    00000000  l__HEAP  
     00000000  l__HRAM   |    00000000  l__LIT    |    00000000  s__CABS  
     00000000  s__DABS   |    00000000  s__HEADER |    00000000  s__HEADER
     00000000  s__HEADER |    00000000  s__HEADER |    00000000  s__HEADER
     00000000  s__HEADER |    00000000  s__HEADER |    00000000  s__HEADER
     00000000  s__HEADER |    00000000  s__HEADER |    00000000  s__HEADER
     00000000  s__HEADER |    00000000  s__HEADER |    00000000  s__HEADER
     00000000  s__HEADER |    00000000  s__HEADER |    00000000  s__HEADER
     00000000  s__HEADER |    00000000  s__HEADER |    00000000  s__HRAM  
     00000000  s__HRAM12 |    00000001  l__GSFINA |    00000001  l__HEADER
     00000001  l__HEADER |    00000001  l__HEADER |    00000001  l__HEADER
     00000001  l__HEADER |    00000001  l__HEADER |    00000001  l__HEADER
     00000002  l__HEADER |    00000002  l__HEADER |    00000002  l__HEADER
     00000003  l__HEADER |    00000003  l__HRAM12 |    00000005  l__HEADER
     00000005  l__INITIA |    00000005  l__INITIA |    00000006  l__HEADER
     00000007  l__HEADER |    00000008  l__HEADER |    0000000C  l__GSINIT
     00000030  l__HEADER |    0000004F  l__HEADER |    00000082  l__HEADER
     00000200  s__CODE   |    0000032D  l__DATA   |    00000333  l__HOME  
     00002000  _rROMB0   |    000020AF  l__CODE   |    000022AF  s__HOME  
     000025E2  s__BASE   |    000025E2  s__CODE_0 |    000025E2  s__INITIA
     000025E2  s__LIT    |    000025E7  s__GSINIT |    000025F3  s__GSFINA
     00003000  _rROMB1   |    00004000  _rRAMB    |    00008000  __VRAM   
     00008000  __VRAM800 |    00008800  __VRAM880 |    00009000  __VRAM900
     00009800  __SCRN0   |    00009C00  __SCRN1   |    0000A000  __SRAM   
     0000C000  __RAM     |    0000C000  _shadow_O |    0000C0A0  s__DATA  
     0000C3CD  s__BSS    |    0000C3CD  s__INITIA |    0000C3D2  s__HEAP  
     0000D000  __RAMBANK |    0000E000  .STACK    |    0000FE00  __OAMRAM 
     0000FF00  _P1_REG   |    0000FF00  __IO      |    0000FF01  _SB_REG  
     0000FF02  _SC_REG   |    0000FF04  _DIV_REG  |    0000FF05  _TIMA_REG
     0000FF06  _TMA_REG  |    0000FF07  _TAC_REG  |    0000FF0F  _IF_REG  
     0000FF10  _NR10_REG |    0000FF11  _NR11_REG |    0000FF12  _NR12_REG
     0000FF13  _NR13_REG |    0000FF14  _NR14_REG |    0000FF16  _NR21_REG
     0000FF17  _NR22_REG |    0000FF18  _NR23_REG |    0000FF19  _NR24_REG
     0000FF1A  _NR30_REG |    0000FF1B  _NR31_REG |    0000FF1C  _NR32_REG
     0000FF1D  _NR33_REG |    0000FF1E  _NR34_REG |    0000FF20  _NR41_REG
     0000FF21  _NR42_REG |    0000FF22  _NR43_REG |    0000FF23  _NR44_REG
     0000FF24  _NR50_REG |    0000FF25  _NR51_REG |    0000FF26  _NR52_REG
     0000FF30  _PCM_SAMP |    0000FF30  __AUD3WAV |    0000FF40  _LCDC_REG
     0000FF41  _STAT_REG |    0000FF42  _SCY_REG  |    0000FF43  _SCX_REG 
     0000FF44  _LY_REG   |    0000FF45  _LYC_REG  |    0000FF46  _DMA_REG 
     0000FF47  _BGP_REG  |    0000FF48  _OBP0_REG |    0000FF49  _OBP1_REG
     0000FF4A  _WY_REG   |    0000FF4B  _WX_REG   |    0000FF4D  _KEY1_REG
     0000FF4F  _VBK_REG  |    0000FF51  _HDMA1_RE |    0000FF52  _HDMA2_RE
     0000FF53  _HDMA3_RE |    0000FF54  _HDMA4_RE |    0000FF55  _HDMA5_RE
     0000FF56  _RP_REG   |    0000FF68  _BCPS_REG |    0000FF69  _BCPD_REG
     0000FF6A  _OCPS_REG |    0000FF6B  _OCPD_REG |    0000FF70  _SVBK_REG
     0000FF76  _PCM12_RE |    0000FF77  _PCM34_RE |    0000FF80  .refresh_
     0000FF80  __HRAM    |    0000FFFF  _IE_REG  
ASxxxx Linker V03.00 + NoICE + sdld,  page 2.
Hexadecimal  [32-Bits]

Area                       Addr        Size        Decimal Bytes (Attributes)
--------------------       ----        ----        ------- ----- ------------
_CODE                  00000200    000020AF =        8367. bytes (REL,CON)

        Value  Global            Value  Global            Value  Global    
        -----  ------            -----  ------            -----  ------    
     00000200  A$snake_l |    00000200  C$snake_l |    00000200  C$snake_l
     00000200  G$init_sn |    00000200  _init_sna |    00000203  A$snake_l
     00000205  A$snake_l |    00000205  C$snake_l |    00000208  A$snake_l
     0000020A  A$snake_l |    0000020A  C$snake_l |    0000020D  A$snake_l
     0000020F  A$snake_l |    0000020F  C$snake_l |    00000212  A$snake_l
     00000214  A$snake_l |    00000214  C$snake_l |    00000217  A$snake_l
     00000219  A$snake_l |    00000219  C$snake_l |    0000021C  A$snake_l
     0000021C  C$snake_l |    0000021F  A$snake_l |    00000220  A$snake_l
     00000223  A$snake_l |    00000224  A$snake_l |    00000226  A$snake_l
     00000227  A$snake_l |    00000228  A$snake_l |    00000229  A$snake_l
     0000022A  A$snake_l |    0000022B  A$snake_l |    0000022C  A$snake_l
     0000022E  A$snake_l |    00000230  A$snake_l |    00000232  A$snake_l
     00000234  A$snake_l |    00000235  A$snake_l |    00000237  A$snake_l
     00000239  A$snake_l |    0000023B  A$snake_l |    0000023C  A$snake_l
     0000023E  A$snake_l |    0000023F  A$snake_l |    00000241  A$snake_l
     00000242  A$snake_l |    00000244  A$snake_l |    00000245  A$snake_l
     00000246  A$snake_l |    00000247  A$snake_l |    0000024A  A$snake_l
     0000024B  A$snake_l |    0000024D  A$snake_l |    0000024D  C$snake_l
     0000024E  A$snake_l |    0000024F  A$snake_l |    00000250  A$snake_l
     00000253  A$snake_l |    00000254  A$snake_l |    00000254  C$snake_l
     00000256  A$snake_l |    00000257  A$snake_l |    00000259  A$snake_l
     00000259  C$snake_l |    0000025A  A$snake_l |    0000025C  A$snake_l
     0000025C  C$snake_l |    0000025F  A$snake_l |    00000261  A$snake_l
     00000261  C$snake_l |    00000264  A$snake_l |    00000266  A$snake_l
     00000266  C$snake_l |    00000269  A$snake_l |    0000026B  A$snake_l
     0000026E  A$snake_l |    00000270  A$snake_l |    00000270  C$snake_l
     00000270  C$snake_l |    00000270  XG$init_s |    00000271  Fsnake_lo
     0000027F  A$snake_l |    0000027F  C$snake_l |    0000027F  C$snake_l
     0000027F  G$reset_s |    0000027F  _reset_sn |    00000282  A$snake_l
     00000284  A$snake_l |    00000284  C$snake_l |    00000287  A$snake_l
     00000289  A$snake_l |    00000289  C$snake_l |    00000289  XG$reset_
     0000028A  A$snake_l |    0000028A  C$snake_l |    0000028A  G$enlarge
     0000028A  _enlarge_ |    0000028B  A$snake_l |    0000028C  A$snake_l
     0000028C  C$snake_l |    0000028F  A$snake_l |    00000291  A$snake_l
     00000293  A$snake_l |    00000293  C$snake_l |    00000295  A$snake_l
     00000295  C$snake_l |    00000296  A$snake_l |    00000297  A$snake_l
     0000029A  A$snake_l |    0000029B  A$snake_l |    0000029B  C$snake_l
     0000029E  A$snake_l |    0000029F  A$snake_l |    000002A0  A$snake_l
     000002A2  A$snake_l |    000002A5  A$snake_l |    000002A6  A$snake_l
     000002A7  A$snake_l |    000002A8  A$snake_l |    000002A9  A$snake_l
     000002AA  A$snake_l |    000002AD  A$snake_l |    000002AF  A$snake_l
     000002B2  A$snake_l |    000002B3  A$snake_l |    000002B6  A$snake_l
     000002B8  A$snake_l |    000002B9  A$snake_l |    000002BC  A$snake_l
     000002BE  A$snake_l |    000002BF  A$snake_l |    000002C0  A$snake_l
     000002C1  A$snake_l |    000002C2  A$snake_l |    000002C3  A$snake_l
     000002C4  A$snake_l |    000002C5  A$snake_l |    000002C6  A$snake_l
     000002C7  A$snake_l |    000002C7  C$snake_l |    000002C7  C$snake_l
     000002C9  A$snake_l |    000002CB  A$snake_l |    000002CC  A$snake_l
     000002CD  A$snake_l |    000002CE  A$snake_l |    000002D0  A$snake_l
     000002D0  C$snake_l |    000002D3  A$snake_l |    000002D4  A$snake_l
ASxxxx Linker V03.00 + NoICE + sdld,  page 3.
Hexadecimal  [32-Bits]

Area                       Addr        Size        Decimal Bytes (Attributes)
--------------------       ----        ----        ------- ----- ------------
_CODE                  00000200    000020AF =        8367. bytes (REL,CON)

        Value  Global            Value  Global            Value  Global    
        -----  ------            -----  ------            -----  ------    
     000002D5  A$snake_l |    000002D8  A$snake_l |    000002DA  A$snake_l
     000002DB  A$snake_l |    000002DE  A$snake_l |    000002DF  A$snake_l
     000002E0  A$snake_l |    000002E1  A$snake_l |    000002E4  A$snake_l
     000002E6  A$snake_l |    000002E7  A$snake_l |    000002E8  A$snake_l
     000002E8  C$snake_l |    000002E8  XG$enlarg |    000002E9  A$snake_l
     000002E9  C$snake_l |    000002E9  G$get_bg_ |    000002E9  _get_bg_t
     000002EA  A$snake_l |    000002EA  C$snake_l |    000002ED  A$snake_l
     000002EE  A$snake_l |    000002F0  A$snake_l |    000002F1  A$snake_l
     000002F2  A$snake_l |    000002F4  A$snake_l |    000002F6  A$snake_l
     000002F9  A$snake_l |    000002FA  A$snake_l |    000002FC  A$snake_l
     000002FE  A$snake_l |    00000300  A$snake_l |    00000302  A$snake_l
     00000304  A$snake_l |    00000306  A$snake_l |    00000307  A$snake_l
     00000309  A$snake_l |    0000030B  A$snake_l |    0000030C  A$snake_l
     0000030F  A$snake_l |    00000310  A$snake_l |    00000312  A$snake_l
     00000313  A$snake_l |    00000314  A$snake_l |    00000316  A$snake_l
     00000318  A$snake_l |    0000031B  A$snake_l |    0000031C  A$snake_l
     0000031E  A$snake_l |    00000320  A$snake_l |    00000322  A$snake_l
     00000324  A$snake_l |    00000326  A$snake_l |    00000328  A$snake_l
     00000329  A$snake_l |    0000032A  A$snake_l |    0000032C  A$snake_l
     0000032D  A$snake_l |    0000032E  A$snake_l |    0000032F  A$snake_l
     00000330  A$snake_l |    00000331  A$snake_l |    00000334  A$snake_l
     00000335  A$snake_l |    00000336  A$snake_l |    00000336  C$snake_l
     00000336  XG$get_bg |    00000337  A$snake_l |    00000337  C$snake_l
     00000337  C$snake_l |    00000337  G$check_c |    00000337  _check_co
     0000033A  A$snake_l |    0000033A  C$snake_l |    0000033B  A$snake_l
     0000033D  A$snake_l |    0000033F  A$snake_l |    00000341  A$snake_l
     00000342  A$snake_l |    00000344  A$snake_l |    00000346  A$snake_l
     00000347  A$snake_l |    00000349  A$snake_l |    00000349  C$snake_l
     00000349  XG$check_ |    0000034A  A$snake_l |    0000034A  C$snake_l
     0000034A  C$snake_l |    0000034A  G$is_snak |    0000034A  _is_snake
     0000034D  A$snake_l |    0000034F  A$snake_l |    00000351  A$snake_l
     00000353  A$snake_l |    00000354  A$snake_l |    00000355  A$snake_l
     00000355  C$snake_l |    00000355  XG$is_sna |    00000356  A$snake_l
     00000356  C$snake_l |    00000356  C$snake_l |    00000356  G$is_snak
     00000356  _is_snake |    00000359  A$snake_l |    0000035B  A$snake_l
     0000035D  A$snake_l |    0000035F  A$snake_l |    00000360  A$snake_l
     00000361  A$snake_l |    00000361  C$snake_l |    00000361  XG$is_sna
     00000362  A$snake_l |    00000362  C$snake_l |    00000362  G$move_ri
     00000362  _move_rig |    00000363  A$snake_l |    00000364  A$snake_l
     00000364  C$snake_l |    00000367  A$snake_l |    00000368  A$snake_l
     0000036A  A$snake_l |    0000036B  A$snake_l |    0000036C  A$snake_l
     0000036E  A$snake_l |    00000370  A$snake_l |    00000373  A$snake_l
     00000374  A$snake_l |    00000376  A$snake_l |    00000378  A$snake_l
     0000037A  A$snake_l |    0000037C  A$snake_l |    0000037E  A$snake_l
     00000380  A$snake_l |    00000381  A$snake_l |    00000382  A$snake_l
     00000383  A$snake_l |    00000384  A$snake_l |    00000385  A$snake_l
     00000386  A$snake_l |    00000387  A$snake_l |    00000388  A$snake_l
     0000038B  A$snake_l |    0000038C  A$snake_l |    0000038D  A$snake_l
     0000038E  A$snake_l |    0000038F  A$snake_l |    00000392  A$snake_l
     00000393  A$snake_l |    00000395  A$snake_l |    00000396  A$snake_l
     00000397  A$snake_l |    00000399  A$snake_l |    0000039B  A$snake_l
ASxxxx Linker V03.00 + NoICE + sdld,  page 4.
Hexadecimal  [32-Bits]

Area                       Addr        Size        Decimal Bytes (Attributes)
--------------------       ----        ----        ------- ----- ------------
_CODE                  00000200    000020AF =        8367. bytes (REL,CON)

        Value  Global            Value  Global            Value  Global    
        -----  ------            -----  ------            -----  ------    
     0000039E  A$snake_l |    0000039F  A$snake_l |    000003A0  A$snake_l
     000003A1  A$snake_l |    000003A3  A$snake_l |    000003A5  A$snake_l
     000003A7  A$snake_l |    000003A9  A$snake_l |    000003AB  A$snake_l
     000003AD  A$snake_l |    000003AE  A$snake_l |    000003AF  A$snake_l
     000003B0  A$snake_l |    000003B0  C$snake_l |    000003B1  A$snake_l
     000003B4  A$snake_l |    000003B5  A$snake_l |    000003B5  C$snake_l
     000003B8  A$snake_l |    000003B9  A$snake_l |    000003BB  A$snake_l
     000003BC  A$snake_l |    000003BC  C$snake_l |    000003BF  A$snake_l
     000003C1  A$snake_l |    000003C1  C$snake_l |    000003C2  A$snake_l
     000003C5  A$snake_l |    000003C6  A$snake_l |    000003C7  A$snake_l
     000003C8  A$snake_l |    000003CA  A$snake_l |    000003CA  C$snake_l
     000003CC  A$snake_l |    000003CD  A$snake_l |    000003CF  A$snake_l
     000003CF  C$snake_l |    000003D1  A$snake_l |    000003D2  A$snake_l
     000003D2  C$snake_l |    000003D5  A$snake_l |    000003D7  A$snake_l
     000003D7  C$snake_l |    000003DA  A$snake_l |    000003DC  A$snake_l
     000003DD  A$snake_l |    000003DE  A$snake_l |    000003DE  C$snake_l
     000003DE  XG$move_r |    000003DF  A$snake_l |    000003DF  C$snake_l
     000003DF  G$move_le |    000003DF  _move_lef |    000003E0  A$snake_l
     000003E1  A$snake_l |    000003E1  C$snake_l |    000003E4  A$snake_l
     000003E5  A$snake_l |    000003E7  A$snake_l |    000003E8  A$snake_l
     000003E9  A$snake_l |    000003EB  A$snake_l |    000003ED  A$snake_l
     000003F0  A$snake_l |    000003F1  A$snake_l |    000003F3  A$snake_l
     000003F5  A$snake_l |    000003F7  A$snake_l |    000003F9  A$snake_l
     000003FB  A$snake_l |    000003FD  A$snake_l |    000003FE  A$snake_l
     000003FF  A$snake_l |    00000400  A$snake_l |    00000401  A$snake_l
     00000402  A$snake_l |    00000403  A$snake_l |    00000404  A$snake_l
     00000405  A$snake_l |    00000408  A$snake_l |    00000409  A$snake_l
     0000040A  A$snake_l |    0000040B  A$snake_l |    0000040C  A$snake_l
     0000040F  A$snake_l |    00000410  A$snake_l |    00000412  A$snake_l
     00000413  A$snake_l |    00000414  A$snake_l |    00000416  A$snake_l
     00000418  A$snake_l |    0000041B  A$snake_l |    0000041C  A$snake_l
     0000041D  A$snake_l |    0000041E  A$snake_l |    00000420  A$snake_l
     00000422  A$snake_l |    00000424  A$snake_l |    00000426  A$snake_l
     00000428  A$snake_l |    0000042A  A$snake_l |    0000042B  A$snake_l
     0000042C  A$snake_l |    0000042D  A$snake_l |    0000042D  C$snake_l
     0000042E  A$snake_l |    00000431  A$snake_l |    00000434  A$snake_l
     00000435  A$snake_l |    00000436  A$snake_l |    00000437  A$snake_l
     00000439  A$snake_l |    00000439  C$snake_l |    0000043B  A$snake_l
     0000043C  A$snake_l |    0000043E  A$snake_l |    0000043E  C$snake_l
     00000440  A$snake_l |    00000441  A$snake_l |    00000441  C$snake_l
     00000444  A$snake_l |    00000446  A$snake_l |    00000446  C$snake_l
     00000449  A$snake_l |    0000044B  A$snake_l |    0000044C  A$snake_l
     0000044D  A$snake_l |    0000044D  C$snake_l |    0000044D  XG$move_l
     0000044E  A$snake_l |    0000044E  C$snake_l |    0000044E  G$move_up
     0000044E  _move_up  |    0000044F  A$snake_l |    00000450  A$snake_l
     00000450  C$snake_l |    00000453  A$snake_l |    00000454  A$snake_l
     00000456  A$snake_l |    00000457  A$snake_l |    00000458  A$snake_l
     0000045A  A$snake_l |    0000045C  A$snake_l |    0000045F  A$snake_l
     00000460  A$snake_l |    00000462  A$snake_l |    00000464  A$snake_l
     00000466  A$snake_l |    00000468  A$snake_l |    0000046A  A$snake_l
     0000046C  A$snake_l |    0000046D  A$snake_l |    0000046E  A$snake_l
ASxxxx Linker V03.00 + NoICE + sdld,  page 5.
Hexadecimal  [32-Bits]

Area                       Addr        Size        Decimal Bytes (Attributes)
--------------------       ----        ----        ------- ----- ------------
_CODE                  00000200    000020AF =        8367. bytes (REL,CON)

        Value  Global            Value  Global            Value  Global    
        -----  ------            -----  ------            -----  ------    
     0000046F  A$snake_l |    00000470  A$snake_l |    00000471  A$snake_l
     00000472  A$snake_l |    00000473  A$snake_l |    00000474  A$snake_l
     00000477  A$snake_l |    00000478  A$snake_l |    00000479  A$snake_l
     0000047A  A$snake_l |    0000047B  A$snake_l |    0000047E  A$snake_l
     0000047F  A$snake_l |    00000481  A$snake_l |    00000482  A$snake_l
     00000483  A$snake_l |    00000485  A$snake_l |    00000487  A$snake_l
     0000048A  A$snake_l |    0000048B  A$snake_l |    0000048C  A$snake_l
     0000048D  A$snake_l |    0000048F  A$snake_l |    00000491  A$snake_l
     00000493  A$snake_l |    00000495  A$snake_l |    00000497  A$snake_l
     00000499  A$snake_l |    0000049A  A$snake_l |    0000049B  A$snake_l
     0000049C  A$snake_l |    0000049C  C$snake_l |    0000049D  A$snake_l
     000004A0  A$snake_l |    000004A1  A$snake_l |    000004A1  C$snake_l
     000004A4  A$snake_l |    000004A6  A$snake_l |    000004A6  C$snake_l
     000004A7  A$snake_l |    000004AA  A$snake_l |    000004AB  A$snake_l
     000004AC  A$snake_l |    000004AD  A$snake_l |    000004AF  A$snake_l
     000004AF  C$snake_l |    000004B1  A$snake_l |    000004B2  A$snake_l
     000004B4  A$snake_l |    000004B4  C$snake_l |    000004B6  A$snake_l
     000004B7  A$snake_l |    000004B7  C$snake_l |    000004BA  A$snake_l
     000004BC  A$snake_l |    000004BC  C$snake_l |    000004BF  A$snake_l
     000004C1  A$snake_l |    000004C2  A$snake_l |    000004C3  A$snake_l
     000004C3  C$snake_l |    000004C3  XG$move_u |    000004C4  A$snake_l
     000004C4  C$snake_l |    000004C4  G$move_do |    000004C4  _move_dow
     000004C5  A$snake_l |    000004C6  A$snake_l |    000004C6  C$snake_l
     000004C9  A$snake_l |    000004CA  A$snake_l |    000004CC  A$snake_l
     000004CD  A$snake_l |    000004CE  A$snake_l |    000004D0  A$snake_l
     000004D2  A$snake_l |    000004D5  A$snake_l |    000004D6  A$snake_l
     000004D8  A$snake_l |    000004DA  A$snake_l |    000004DC  A$snake_l
     000004DE  A$snake_l |    000004E0  A$snake_l |    000004E2  A$snake_l
     000004E3  A$snake_l |    000004E4  A$snake_l |    000004E5  A$snake_l
     000004E6  A$snake_l |    000004E7  A$snake_l |    000004E8  A$snake_l
     000004E9  A$snake_l |    000004EA  A$snake_l |    000004ED  A$snake_l
     000004EE  A$snake_l |    000004EF  A$snake_l |    000004F0  A$snake_l
     000004F1  A$snake_l |    000004F4  A$snake_l |    000004F5  A$snake_l
     000004F7  A$snake_l |    000004F8  A$snake_l |    000004F9  A$snake_l
     000004FB  A$snake_l |    000004FD  A$snake_l |    00000500  A$snake_l
     00000501  A$snake_l |    00000502  A$snake_l |    00000503  A$snake_l
     00000505  A$snake_l |    00000507  A$snake_l |    00000509  A$snake_l
     0000050B  A$snake_l |    0000050D  A$snake_l |    0000050F  A$snake_l
     00000510  A$snake_l |    00000511  A$snake_l |    00000512  A$snake_l
     00000512  C$snake_l |    00000513  A$snake_l |    00000516  A$snake_l
     00000517  A$snake_l |    00000517  C$snake_l |    0000051A  A$snake_l
     0000051B  A$snake_l |    0000051D  A$snake_l |    0000051E  A$snake_l
     0000051E  C$snake_l |    00000521  A$snake_l |    00000523  A$snake_l
     00000523  C$snake_l |    00000524  A$snake_l |    00000527  A$snake_l
     00000528  A$snake_l |    00000529  A$snake_l |    0000052A  A$snake_l
     0000052C  A$snake_l |    0000052C  C$snake_l |    0000052E  A$snake_l
     0000052F  A$snake_l |    00000531  A$snake_l |    00000531  C$snake_l
     00000533  A$snake_l |    00000534  A$snake_l |    00000534  C$snake_l
     00000537  A$snake_l |    00000539  A$snake_l |    00000539  C$snake_l
     0000053C  A$snake_l |    0000053E  A$snake_l |    0000053F  A$snake_l
     00000540  A$snake_l |    00000540  C$snake_l |    00000540  XG$move_d
ASxxxx Linker V03.00 + NoICE + sdld,  page 6.
Hexadecimal  [32-Bits]

Area                       Addr        Size        Decimal Bytes (Attributes)
--------------------       ----        ----        ------- ----- ------------
_CODE                  00000200    000020AF =        8367. bytes (REL,CON)

        Value  Global            Value  Global            Value  Global    
        -----  ------            -----  ------            -----  ------    
     00000541  A$snake_l |    00000541  C$snake_l |    00000541  G$move_sn
     00000541  _move_sna |    00000543  A$snake_l |    00000543  C$snake_l
     00000546  A$snake_l |    00000546  C$snake_l |    00000547  A$snake_l
     0000054A  A$snake_l |    0000054B  A$snake_l |    0000054C  A$snake_l
     0000054D  A$snake_l |    0000054E  A$snake_l |    0000054F  A$snake_l
     0000054F  C$snake_l |    00000550  A$snake_l |    00000551  A$snake_l
     00000552  A$snake_l |    00000553  A$snake_l |    00000554  A$snake_l
     00000554  C$snake_l |    00000557  A$snake_l |    00000558  A$snake_l
     00000559  A$snake_l |    0000055A  A$snake_l |    0000055B  A$snake_l
     0000055C  A$snake_l |    0000055D  A$snake_l |    0000055D  C$snake_l
     00000560  A$snake_l |    00000563  A$snake_l |    00000564  A$snake_l
     00000566  A$snake_l |    00000567  A$snake_l |    00000568  A$snake_l
     00000569  A$snake_l |    0000056A  A$snake_l |    0000056B  A$snake_l
     0000056E  A$snake_l |    0000056F  A$snake_l |    00000570  A$snake_l
     00000571  A$snake_l |    00000572  A$snake_l |    00000573  A$snake_l
     00000576  A$snake_l |    00000576  C$snake_l |    00000577  A$snake_l
     0000057A  A$snake_l |    0000057B  A$snake_l |    0000057C  A$snake_l
     0000057C  C$snake_l |    0000057F  A$snake_l |    00000580  A$snake_l
     00000582  A$snake_l |    00000583  A$snake_l |    00000583  C$snake_l
     00000586  A$snake_l |    00000588  A$snake_l |    00000589  A$snake_l
     00000589  C$snake_l |    0000058C  A$snake_l |    0000058D  A$snake_l
     00000590  A$snake_l |    00000590  C$snake_l |    00000593  A$snake_l
     00000594  A$snake_l |    00000597  A$snake_l |    00000598  A$snake_l
     0000059B  A$snake_l |    0000059B  C$snake_l |    0000059E  A$snake_l
     0000059F  A$snake_l |    000005A1  A$snake_l |    000005A2  A$snake_l
     000005A3  A$snake_l |    000005A5  A$snake_l |    000005A7  A$snake_l
     000005AA  A$snake_l |    000005AB  A$snake_l |    000005AD  A$snake_l
     000005AF  A$snake_l |    000005B1  A$snake_l |    000005B3  A$snake_l
     000005B5  A$snake_l |    000005B7  A$snake_l |    000005B8  A$snake_l
     000005B9  A$snake_l |    000005BA  A$snake_l |    000005BB  A$snake_l
     000005BC  A$snake_l |    000005BD  A$snake_l |    000005BE  A$snake_l
     000005BF  A$snake_l |    000005C2  A$snake_l |    000005C3  A$snake_l
     000005C4  A$snake_l |    000005C5  A$snake_l |    000005C7  A$snake_l
     000005C8  A$snake_l |    000005C9  A$snake_l |    000005CA  A$snake_l
     000005CC  A$snake_l |    000005CD  A$snake_l |    000005CE  A$snake_l
     000005D1  A$snake_l |    000005D2  A$snake_l |    000005D4  A$snake_l
     000005D5  A$snake_l |    000005D6  A$snake_l |    000005D7  A$snake_l
     000005D9  A$snake_l |    000005DB  A$snake_l |    000005DE  A$snake_l
     000005DF  A$snake_l |    000005E0  A$snake_l |    000005E1  A$snake_l
     000005E3  A$snake_l |    000005E4  A$snake_l |    000005E5  A$snake_l
     000005E6  A$snake_l |    000005E8  A$snake_l |    000005E9  A$snake_l
     000005EB  A$snake_l |    000005EC  A$snake_l |    000005ED  A$snake_l
     000005EE  A$snake_l |    000005F0  A$snake_l |    000005F2  A$snake_l
     000005F4  A$snake_l |    000005F6  A$snake_l |    000005F8  A$snake_l
     000005FA  A$snake_l |    000005FC  A$snake_l |    000005FD  A$snake_l
     000005FE  A$snake_l |    000005FF  A$snake_l |    00000600  A$snake_l
     00000601  A$snake_l |    00000602  A$snake_l |    00000603  A$snake_l
     00000604  A$snake_l |    00000607  A$snake_l |    00000608  A$snake_l
     0000060B  A$snake_l |    0000060C  A$snake_l |    0000060F  A$snake_l
     00000610  A$snake_l |    00000613  A$snake_l |    00000614  A$snake_l
     00000617  A$snake_l |    00000618  A$snake_l |    0000061B  A$snake_l
ASxxxx Linker V03.00 + NoICE + sdld,  page 7.
Hexadecimal  [32-Bits]

Area                       Addr        Size        Decimal Bytes (Attributes)
--------------------       ----        ----        ------- ----- ------------
_CODE                  00000200    000020AF =        8367. bytes (REL,CON)

        Value  Global            Value  Global            Value  Global    
        -----  ------            -----  ------            -----  ------    
     0000061C  A$snake_l |    0000061F  A$snake_l |    00000620  A$snake_l
     00000621  A$snake_l |    00000622  A$snake_l |    00000622  C$snake_l
     00000623  A$snake_l |    00000625  A$snake_l |    00000626  A$snake_l
     00000627  A$snake_l |    0000062A  A$snake_l |    0000062B  A$snake_l
     0000062D  A$snake_l |    0000062F  A$snake_l |    00000630  A$snake_l
     00000631  A$snake_l |    00000632  A$snake_l |    00000633  A$snake_l
     00000634  A$snake_l |    00000635  A$snake_l |    00000637  A$snake_l
     00000639  A$snake_l |    0000063B  A$snake_l |    0000063D  A$snake_l
     0000063E  A$snake_l |    00000640  A$snake_l |    00000642  A$snake_l
     00000644  A$snake_l |    00000645  A$snake_l |    00000648  A$snake_l
     00000648  C$snake_l |    0000064A  A$snake_l |    0000064B  A$snake_l
     0000064C  A$snake_l |    0000064D  A$snake_l |    0000064F  A$snake_l
     00000651  A$snake_l |    00000652  A$snake_l |    00000653  A$snake_l
     00000655  A$snake_l |    00000656  A$snake_l |    00000657  A$snake_l
     00000659  A$snake_l |    0000065A  A$snake_l |    0000065A  C$snake_l
     0000065B  A$snake_l |    0000065C  A$snake_l |    0000065D  A$snake_l
     0000065E  A$snake_l |    0000065F  A$snake_l |    00000661  A$snake_l
     00000662  A$snake_l |    00000663  A$snake_l |    00000664  A$snake_l
     00000666  A$snake_l |    00000667  A$snake_l |    00000668  A$snake_l
     00000669  A$snake_l |    0000066A  A$snake_l |    0000066B  A$snake_l
     0000066D  A$snake_l |    0000066E  A$snake_l |    0000066E  C$snake_l
     00000671  A$snake_l |    00000673  A$snake_l |    00000674  A$snake_l
     00000676  A$snake_l |    00000677  A$snake_l |    00000679  A$snake_l
     0000067A  A$snake_l |    0000067C  A$snake_l |    0000067F  A$snake_l
     00000681  A$snake_l |    00000682  A$snake_l |    00000684  A$snake_l
     00000685  A$snake_l |    00000687  A$snake_l |    00000688  A$snake_l
     0000068A  A$snake_l |    0000068A  C$snake_l |    0000068B  A$snake_l
     0000068E  A$snake_l |    0000068F  A$snake_l |    0000068F  C$snake_l
     00000691  A$snake_l |    00000691  C$snake_l |    00000692  A$snake_l
     00000693  A$snake_l |    00000694  A$snake_l |    00000695  A$snake_l
     00000696  A$snake_l |    00000697  A$snake_l |    00000698  A$snake_l
     00000699  A$snake_l |    0000069A  A$snake_l |    0000069B  A$snake_l
     0000069C  A$snake_l |    0000069C  C$snake_l |    0000069E  A$snake_l
     0000069F  A$snake_l |    000006A1  A$snake_l |    000006A2  A$snake_l
     000006A3  A$snake_l |    000006A4  A$snake_l |    000006A5  A$snake_l
     000006A6  A$snake_l |    000006A7  A$snake_l |    000006A9  A$snake_l
     000006AB  A$snake_l |    000006AC  A$snake_l |    000006AD  A$snake_l
     000006AE  A$snake_l |    000006AF  A$snake_l |    000006B2  A$snake_l
     000006B3  A$snake_l |    000006B4  A$snake_l |    000006B5  A$snake_l
     000006B7  A$snake_l |    000006B9  A$snake_l |    000006BB  A$snake_l
     000006BD  A$snake_l |    000006BF  A$snake_l |    000006C1  A$snake_l
     000006C2  A$snake_l |    000006C3  A$snake_l |    000006C4  A$snake_l
     000006C5  A$snake_l |    000006C6  A$snake_l |    000006C7  A$snake_l
     000006C8  A$snake_l |    000006C9  A$snake_l |    000006CC  A$snake_l
     000006CD  A$snake_l |    000006CE  A$snake_l |    000006CF  A$snake_l
     000006D1  A$snake_l |    000006D2  A$snake_l |    000006D3  A$snake_l
     000006D4  A$snake_l |    000006D5  A$snake_l |    000006D6  A$snake_l
     000006D7  A$snake_l |    000006D8  A$snake_l |    000006D9  A$snake_l
     000006DA  A$snake_l |    000006DB  A$snake_l |    000006DC  A$snake_l
     000006DD  A$snake_l |    000006DE  A$snake_l |    000006DF  A$snake_l
     000006E0  A$snake_l |    000006E1  A$snake_l |    000006E3  A$snake_l
ASxxxx Linker V03.00 + NoICE + sdld,  page 8.
Hexadecimal  [32-Bits]

Area                       Addr        Size        Decimal Bytes (Attributes)
--------------------       ----        ----        ------- ----- ------------
_CODE                  00000200    000020AF =        8367. bytes (REL,CON)

        Value  Global            Value  Global            Value  Global    
        -----  ------            -----  ------            -----  ------    
     000006E5  A$snake_l |    000006E6  A$snake_l |    000006E7  A$snake_l
     000006E8  A$snake_l |    000006E9  A$snake_l |    000006EC  A$snake_l
     000006ED  A$snake_l |    000006EE  A$snake_l |    000006EF  A$snake_l
     000006F1  A$snake_l |    000006F2  A$snake_l |    000006F3  A$snake_l
     000006F4  A$snake_l |    000006F6  A$snake_l |    000006F7  A$snake_l
     000006F9  A$snake_l |    000006FA  A$snake_l |    000006FB  A$snake_l
     000006FC  A$snake_l |    000006FE  A$snake_l |    00000700  A$snake_l
     00000702  A$snake_l |    00000704  A$snake_l |    00000706  A$snake_l
     00000708  A$snake_l |    00000709  A$snake_l |    0000070A  A$snake_l
     0000070B  A$snake_l |    0000070C  A$snake_l |    0000070E  A$snake_l
     0000070F  A$snake_l |    0000070F  C$snake_l |    00000711  A$snake_l
     00000711  C$snake_l |    00000713  A$snake_l |    00000714  A$snake_l
     00000715  A$snake_l |    00000716  A$snake_l |    00000718  A$snake_l
     00000718  C$snake_l |    00000719  A$snake_l |    0000071B  A$snake_l
     0000071D  A$snake_l |    0000071D  C$snake_l |    0000071F  A$snake_l
     00000720  A$snake_l |    00000722  A$snake_l |    00000723  A$snake_l
     00000725  A$snake_l |    00000725  C$snake_l |    00000727  A$snake_l
     00000729  A$snake_l |    0000072B  A$snake_l |    0000072B  C$snake_l
     0000072D  A$snake_l |    0000072E  A$snake_l |    00000730  A$snake_l
     00000732  A$snake_l |    00000732  C$snake_l |    00000735  A$snake_l
     00000737  A$snake_l |    00000738  A$snake_l |    00000738  C$snake_l
     0000073B  A$snake_l |    0000073D  A$snake_l |    0000073E  A$snake_l
     0000073F  A$snake_l |    00000741  A$snake_l |    00000742  A$snake_l
     00000743  A$snake_l |    00000745  A$snake_l |    00000746  A$snake_l
     00000747  A$snake_l |    00000748  A$snake_l |    0000074A  A$snake_l
     0000074A  C$snake_l |    0000074D  A$snake_l |    0000074F  A$snake_l
     00000750  A$snake_l |    00000751  A$snake_l |    00000753  A$snake_l
     00000754  A$snake_l |    00000756  A$snake_l |    00000758  A$snake_l
     00000759  A$snake_l |    0000075A  A$snake_l |    0000075C  A$snake_l
     0000075D  A$snake_l |    0000075E  A$snake_l |    00000760  A$snake_l
     00000762  A$snake_l |    00000764  A$snake_l |    00000766  A$snake_l
     00000767  A$snake_l |    00000769  A$snake_l |    0000076A  A$snake_l
     0000076C  A$snake_l |    0000076D  A$snake_l |    0000076E  A$snake_l
     0000076F  A$snake_l |    00000770  A$snake_l |    00000773  A$snake_l
     00000774  A$snake_l |    00000775  A$snake_l |    00000776  A$snake_l
     00000778  A$snake_l |    00000779  A$snake_l |    0000077A  A$snake_l
     0000077B  A$snake_l |    0000077D  A$snake_l |    0000077E  A$snake_l
     0000077F  A$snake_l |    00000780  A$snake_l |    00000781  A$snake_l
     00000784  A$snake_l |    00000785  A$snake_l |    00000786  A$snake_l
     00000787  A$snake_l |    00000789  A$snake_l |    0000078A  A$snake_l
     0000078B  A$snake_l |    0000078C  A$snake_l |    0000078E  A$snake_l
     0000078F  A$snake_l |    00000790  A$snake_l |    00000791  A$snake_l
     00000792  A$snake_l |    00000794  A$snake_l |    00000795  A$snake_l
     00000796  A$snake_l |    00000797  A$snake_l |    00000799  A$snake_l
     0000079A  A$snake_l |    0000079B  A$snake_l |    0000079D  A$snake_l
     0000079F  A$snake_l |    000007A1  A$snake_l |    000007A3  A$snake_l
     000007A4  A$snake_l |    000007A6  A$snake_l |    000007A7  A$snake_l
     000007A9  A$snake_l |    000007AA  A$snake_l |    000007AB  A$snake_l
     000007AC  A$snake_l |    000007AD  A$snake_l |    000007B0  A$snake_l
     000007B1  A$snake_l |    000007B2  A$snake_l |    000007B3  A$snake_l
     000007B5  A$snake_l |    000007B6  A$snake_l |    000007B7  A$snake_l
ASxxxx Linker V03.00 + NoICE + sdld,  page 9.
Hexadecimal  [32-Bits]

Area                       Addr        Size        Decimal Bytes (Attributes)
--------------------       ----        ----        ------- ----- ------------
_CODE                  00000200    000020AF =        8367. bytes (REL,CON)

        Value  Global            Value  Global            Value  Global    
        -----  ------            -----  ------            -----  ------    
     000007B8  A$snake_l |    000007BA  A$snake_l |    000007BB  A$snake_l
     000007BC  A$snake_l |    000007BD  A$snake_l |    000007BE  A$snake_l
     000007C1  A$snake_l |    000007C2  A$snake_l |    000007C3  A$snake_l
     000007C4  A$snake_l |    000007C6  A$snake_l |    000007C7  A$snake_l
     000007C8  A$snake_l |    000007C9  A$snake_l |    000007CB  A$snake_l
     000007CC  A$snake_l |    000007CD  A$snake_l |    000007CE  A$snake_l
     000007CF  A$snake_l |    000007D1  A$snake_l |    000007D2  A$snake_l
     000007D3  A$snake_l |    000007D5  A$snake_l |    000007D6  A$snake_l
     000007D7  A$snake_l |    000007D8  A$snake_l |    000007DA  A$snake_l
     000007DC  A$snake_l |    000007DD  A$snake_l |    000007DE  A$snake_l
     000007E0  A$snake_l |    000007E1  A$snake_l |    000007E2  A$snake_l
     000007E3  A$snake_l |    000007E4  A$snake_l |    000007E5  A$snake_l
     000007E7  A$snake_l |    000007E8  A$snake_l |    000007E9  A$snake_l
     000007EA  A$snake_l |    000007EC  A$snake_l |    000007ED  A$snake_l
     000007EE  A$snake_l |    000007EF  A$snake_l |    000007F0  A$snake_l
     000007F1  A$snake_l |    000007F2  A$snake_l |    000007F3  A$snake_l
     000007F5  A$snake_l |    000007F6  A$snake_l |    000007F7  A$snake_l
     000007F8  A$snake_l |    000007FA  A$snake_l |    000007FC  A$snake_l
     000007FE  A$snake_l |    000007FF  A$snake_l |    00000801  A$snake_l
     00000802  A$snake_l |    00000804  A$snake_l |    00000805  A$snake_l
     00000806  A$snake_l |    00000807  A$snake_l |    00000808  A$snake_l
     0000080B  A$snake_l |    0000080C  A$snake_l |    0000080D  A$snake_l
     0000080E  A$snake_l |    00000810  A$snake_l |    00000811  A$snake_l
     00000812  A$snake_l |    00000813  A$snake_l |    00000815  A$snake_l
     00000816  A$snake_l |    00000817  A$snake_l |    00000818  A$snake_l
     00000819  A$snake_l |    0000081A  A$snake_l |    0000081B  A$snake_l
     0000081C  A$snake_l |    0000081D  A$snake_l |    0000081E  A$snake_l
     0000081F  A$snake_l |    00000820  A$snake_l |    00000821  A$snake_l
     00000822  A$snake_l |    00000823  A$snake_l |    00000824  A$snake_l
     00000825  A$snake_l |    00000827  A$snake_l |    00000828  A$snake_l
     00000829  A$snake_l |    0000082A  A$snake_l |    0000082C  A$snake_l
     0000082D  A$snake_l |    0000082E  A$snake_l |    0000082F  A$snake_l
     00000830  A$snake_l |    00000832  A$snake_l |    00000833  A$snake_l
     00000834  A$snake_l |    00000834  C$snake_l |    00000836  A$snake_l
     00000837  A$snake_l |    00000839  A$snake_l |    0000083A  A$snake_l
     0000083A  C$snake_l |    0000083C  A$snake_l |    0000083D  A$snake_l
     0000083F  A$snake_l |    00000840  A$snake_l |    00000840  C$snake_l
     00000842  A$snake_l |    00000843  A$snake_l |    00000846  A$snake_l
     00000847  A$snake_l |    00000848  A$snake_l |    0000084B  A$snake_l
     0000084D  A$snake_l |    0000084D  C$snake_l |    0000084D  XG$move_s
     0000084E  A$main$92 |    0000084E  C$main.c$ |    0000084E  G$initApp
     0000084E  _initAppl |    00000851  A$main$93 |    00000853  A$main$10
     00000853  C$main.c$ |    00000853  C$main.c$ |    00000853  XG$initAp
     00000854  Fmain$spe |    00000862  Fmain$pal |    0000086A  Fmain$pal
     00000872  A$main$13 |    00000872  C$main.c$ |    00000872  C$main.c$
     00000872  G$placeAp |    00000872  _placeApp |    00000875  A$main$13
     00000876  A$main$13 |    00000877  A$main$13 |    00000878  A$main$13
     00000879  A$main$13 |    0000087A  A$main$13 |    0000087D  A$main$13
     0000087E  A$main$14 |    00000881  A$main$14 |    00000882  A$main$14
     00000883  A$main$14 |    00000886  A$main$14 |    00000888  A$main$14
     00000889  A$main$14 |    0000088B  A$main$14 |    0000088C  A$main$14
ASxxxx Linker V03.00 + NoICE + sdld,  page 10.
Hexadecimal  [32-Bits]

Area                       Addr        Size        Decimal Bytes (Attributes)
--------------------       ----        ----        ------- ----- ------------
_CODE                  00000200    000020AF =        8367. bytes (REL,CON)

        Value  Global            Value  Global            Value  Global    
        -----  ------            -----  ------            -----  ------    
     0000088D  A$main$14 |    0000088E  A$main$15 |    00000891  A$main$15
     00000891  C$main.c$ |    00000894  A$main$15 |    00000895  A$main$15
     00000896  A$main$15 |    00000897  A$main$15 |    00000898  A$main$15
     00000899  A$main$16 |    0000089C  A$main$16 |    0000089D  A$main$16
     0000089E  A$main$16 |    000008A0  A$main$16 |    000008A2  A$main$16
     000008A3  A$main$16 |    000008A4  A$main$16 |    000008A5  A$main$16
     000008A8  A$main$17 |    000008A9  A$main$17 |    000008AC  A$main$17
     000008AD  A$main$17 |    000008B0  A$main$17 |    000008B1  A$main$17
     000008B2  A$main$17 |    000008B3  A$main$18 |    000008B3  C$main.c$
     000008B3  C$main.c$ |    000008B3  XG$placeA |    000008B4  A$main$20
     000008B4  C$main.c$ |    000008B4  C$main.c$ |    000008B4  G$enableS
     000008B4  _enableSo |    000008B6  A$main$20 |    000008B8  A$main$20
     000008B8  C$main.c$ |    000008BA  A$main$20 |    000008BC  A$main$21
     000008BC  C$main.c$ |    000008BE  A$main$21 |    000008C0  A$main$22
     000008C0  C$main.c$ |    000008C0  XG$enable |    000008C1  A$main$23
     000008C1  C$main.c$ |    000008C1  C$main.c$ |    000008C1  G$startGa
     000008C1  _startGam |    000008C4  A$main$23 |    000008C5  A$main$23
     000008C8  A$main$23 |    000008C9  A$main$24 |    000008C9  C$main.c$
     000008CC  A$main$24 |    000008CC  C$main.c$ |    000008CF  A$main$24
     000008CF  C$main.c$ |    000008D2  A$main$25 |    000008D2  C$main.c$
     000008D5  A$main$25 |    000008D7  A$main$25 |    000008D7  C$main.c$
     000008D9  A$main$25 |    000008DB  A$main$26 |    000008DD  A$main$26
     000008DD  C$main.c$ |    000008DF  A$main$26 |    000008E1  A$main$26
     000008E3  A$main$27 |    000008E3  C$main.c$ |    000008E3  XG$startG
     000008E4  A$main$28 |    000008E4  C$main.c$ |    000008E4  C$main.c$
     000008E4  G$check_i |    000008E4  _check_in |    000008E7  A$main$28
     000008E8  A$main$29 |    000008E8  C$main.c$ |    000008E9  A$main$29
     000008EA  A$main$29 |    000008EC  A$main$29 |    000008EF  A$main$29
     000008F0  A$main$29 |    000008F2  A$main$30 |    000008F2  C$main.c$
     000008F3  A$main$30 |    000008F6  A$main$30 |    000008F7  A$main$30
     000008F9  A$main$30 |    000008F9  C$main.c$ |    000008FA  A$main$31
     000008FC  A$main$31 |    000008FE  A$main$31 |    00000901  A$main$31
     00000902  A$main$31 |    00000904  A$main$31 |    00000904  C$main.c$
     00000905  A$main$31 |    00000908  A$main$32 |    00000909  A$main$32
     0000090B  A$main$32 |    0000090B  C$main.c$ |    0000090C  A$main$32
     0000090E  A$main$32 |    00000910  A$main$32 |    00000913  A$main$33
     00000914  A$main$33 |    00000916  A$main$33 |    00000916  C$main.c$
     00000917  A$main$33 |    0000091A  A$main$33 |    0000091B  A$main$33
     0000091D  A$main$34 |    0000091D  C$main.c$ |    0000091E  A$main$34
     00000920  A$main$34 |    00000922  A$main$34 |    00000925  A$main$34
     00000926  A$main$34 |    00000928  A$main$35 |    00000928  C$main.c$
     00000929  A$main$35 |    0000092C  A$main$35 |    0000092D  A$main$35
     0000092D  C$main.c$ |    0000092F  A$main$36 |    0000092F  C$main.c$
     00000932  A$main$37 |    00000932  C$main.c$ |    00000932  XG$check_
     00000933  A$main$38 |    00000933  C$main.c$ |    00000933  C$main.c$
     00000933  G$gameove |    00000933  _gameover |    00000935  A$main$38
     00000937  A$main$38 |    00000939  A$main$39 |    00000939  C$main.c$
     00000939  XG$gameov |    0000093A  A$main$40 |    0000093A  C$main.c$
     0000093A  C$main.c$ |    0000093A  G$gameove |    0000093A  _gameover
     0000093D  A$main$40 |    0000093E  A$main$40 |    0000093F  A$main$41
     0000093F  C$main.c$ |    00000942  A$main$42 |    00000942  C$main.c$
ASxxxx Linker V03.00 + NoICE + sdld,  page 11.
Hexadecimal  [32-Bits]

Area                       Addr        Size        Decimal Bytes (Attributes)
--------------------       ----        ----        ------- ----- ------------
_CODE                  00000200    000020AF =        8367. bytes (REL,CON)

        Value  Global            Value  Global            Value  Global    
        -----  ------            -----  ------            -----  ------    
     00000942  XG$gameov |    00000943  A$main$43 |    00000943  C$main.c$
     00000943  C$main.c$ |    00000943  G$collide |    00000943  _collideW
     00000946  A$main$43 |    00000947  A$main$43 |    0000094A  A$main$43
     0000094B  A$main$43 |    0000094C  A$main$43 |    0000094D  A$main$44
     0000094F  A$main$44 |    00000952  A$main$44 |    00000953  A$main$44
     00000956  A$main$44 |    00000957  A$main$44 |    00000958  A$main$44
     00000959  A$main$44 |    0000095B  A$main$44 |    0000095D  A$main$45
     0000095E  A$main$45 |    00000960  A$main$46 |    00000960  C$main.c$
     00000960  XG$collid |    00000961  A$main$47 |    00000961  C$main.c$
     00000961  C$main.c$ |    00000961  G$adjustS |    00000961  _adjustSn
     00000964  A$main$47 |    00000966  A$main$47 |    00000967  A$main$47
     00000967  C$main.c$ |    0000096A  A$main$48 |    0000096B  A$main$48
     0000096C  A$main$48 |    0000096E  A$main$48 |    0000096F  A$main$48
     00000971  A$main$48 |    00000971  C$main.c$ |    00000972  A$main$48
     00000973  A$main$49 |    00000974  A$main$49 |    00000974  C$main.c$
     00000977  A$main$49 |    00000979  A$main$50 |    00000979  C$main.c$
     00000979  XG$adjust |    0000097A  A$main$51 |    0000097A  C$main.c$
     0000097A  C$main.c$ |    0000097A  G$eatAppl |    0000097A  _eatApple
     0000097D  A$main$51 |    0000097E  A$main$51 |    0000097F  A$main$52
     0000097F  C$main.c$ |    00000982  A$main$52 |    00000982  C$main.c$
     00000985  A$main$53 |    00000985  C$main.c$ |    00000988  A$main$53
     00000989  A$main$54 |    00000989  C$main.c$ |    00000989  C$main.c$
     00000989  XG$eatApp |    0000098C  A$main$55 |    0000098C  C$main.c$
     0000098C  C$main.c$ |    0000098C  G$main$0$ |    0000098C  _main    
     0000098D  A$main$56 |    0000098D  C$main.c$ |    00000990  A$main$56
     00000991  A$main$56 |    00000994  A$main$56 |    00000995  A$main$56
     00000995  C$main.c$ |    00000998  A$main$56 |    00000999  A$main$56
     0000099C  A$main$57 |    0000099D  A$main$57 |    0000099D  C$main.c$
     000009A0  A$main$57 |    000009A1  A$main$57 |    000009A1  C$main.c$
     000009A4  A$main$58 |    000009A5  A$main$58 |    000009A8  A$main$58
     000009A9  A$main$58 |    000009AC  A$main$58 |    000009AE  A$main$58
     000009AE  C$main.c$ |    000009B1  A$main$58 |    000009B2  A$main$59
     000009B3  A$main$59 |    000009B4  A$main$59 |    000009B5  A$main$59
     000009B8  A$main$59 |    000009BA  A$main$59 |    000009BA  C$main.c$
     000009BD  A$main$59 |    000009BE  A$main$60 |    000009BF  A$main$60
     000009C0  A$main$60 |    000009C1  A$main$60 |    000009C4  A$main$60
     000009C6  A$main$60 |    000009C6  C$main.c$ |    000009C9  A$main$60
     000009CA  A$main$61 |    000009CD  A$main$61 |    000009CE  A$main$61
     000009D1  A$main$61 |    000009D3  A$main$61 |    000009D3  C$main.c$
     000009D6  A$main$61 |    000009D7  A$main$61 |    000009DA  A$main$62
     000009DB  A$main$62 |    000009DC  A$main$62 |    000009DD  A$main$62
     000009DE  A$main$62 |    000009E1  A$main$62 |    000009E3  A$main$62
     000009E3  C$main.c$ |    000009E6  A$main$63 |    000009E6  C$main.c$
     000009E6  C$main.c$ |    000009E9  A$main$64 |    000009E9  C$main.c$
     000009EC  A$main$64 |    000009EC  C$main.c$ |    000009EF  A$main$64
     000009EF  C$main.c$ |    000009F2  A$main$65 |    000009F2  C$main.c$
     000009F5  A$main$66 |    000009F5  C$main.c$ |    000009F5  XG$main$0
     000009F7  Fingame_m |    000009F8  Fingame_m |    00000AB8  Fingame_m
     00000B78  Fingame_m |    00000C38  Fingame_m |    00000CF8  Fingame_m
     00000DB8  Fingame_m |    00000E78  Fingame_m |    00000F38  Fingame_m
     00000FF8  Fingame_m |    000010B8  Fingame_m |    00001178  Fingame_m
ASxxxx Linker V03.00 + NoICE + sdld,  page 12.
Hexadecimal  [32-Bits]

Area                       Addr        Size        Decimal Bytes (Attributes)
--------------------       ----        ----        ------- ----- ------------
_CODE                  00000200    000020AF =        8367. bytes (REL,CON)

        Value  Global            Value  Global            Value  Global    
        -----  ------            -----  ------            -----  ------    
     00001238  Fingame_m |    000012F8  Fingame_m |    000013B8  Fingame_m
     00001478  Fingame_m |    00001538  Fingame_m |    00001550  Fingame_m
     00001568  Fingame_m |    00001580  Fingame_m |    00001598  Fingame_m
     000015D4  Fingame_m |    00001610  Fingame_m |    00001688  Fingame_m
     00001788  G$ingame_ |    00001788  _ingame_t |    0000179D  G$snake_b
     0000179D  _snake_bg |    000017A7  G$snake_b |    000017A7  _snake_bg
     00001847  G$SimpleS |    00001847  _SimpleSn |    000018F7  G$snake_b
     000018F7  _snake_bg |    00001A87  _hUGE_ini |    00001A8B  _hUGE_ini
     00001A96  _hUGE_mut |    00001A9A  _hUGE_mut |    00001AA7  hUGE_mute
     00001AC1  _hUGE_set |    00001AC5  _hUGE_set |    00001ACE  hUGE_init
     00001D60  hUGE_set_ |    00001F0A  _hUGE_dos |    00001F0A  _hUGE_dos
     00002228  _set_spri |    0000222D  _set_bkg_ |    00002230  .set_pale
     0000224F  _set_spri |    00002254  _set_bkg_ |    00002257  .set_pale
     00002273  _get_vram |    00002280  _get_win_ |    00002288  _get_bkg_
ASxxxx Linker V03.00 + NoICE + sdld,  page 13.
Hexadecimal  [32-Bits]

Area                       Addr        Size        Decimal Bytes (Attributes)
--------------------       ----        ----        ------- ----- ------------
_HEADER0               00000000    00000001 =           1. bytes (ABS,CON)

        Value  Global            Value  Global            Value  Global    
        -----  ------            -----  ------            -----  ------    
     00000020  .call_hl 
ASxxxx Linker V03.00 + NoICE + sdld,  page 14.
Hexadecimal  [32-Bits]

Area                       Addr        Size        Decimal Bytes (Attributes)
--------------------       ----        ----        ------- ----- ------------
_HEADER1               00000000    00000005 =           5. bytes (ABS,CON)

        Value  Global            Value  Global            Value  Global    
        -----  ------            -----  ------            -----  ------    
     00000028  .MemsetSm
ASxxxx Linker V03.00 + NoICE + sdld,  page 15.
Hexadecimal  [32-Bits]

Area                       Addr        Size        Decimal Bytes (Attributes)
--------------------       ----        ----        ------- ----- ------------
_HEADER2               00000000    00000007 =           7. bytes (ABS,CON)

        Value  Global            Value  Global            Value  Global    
        -----  ------            -----  ------            -----  ------    
     00000030  .MemcpySm
ASxxxx Linker V03.00 + NoICE + sdld,  page 16.
Hexadecimal  [32-Bits]

Area                       Addr        Size        Decimal Bytes (Attributes)
--------------------       ----        ----        ------- ----- ------------
_HEADER3               00000000    00000008 =           8. bytes (ABS,CON)

        Value  Global            Value  Global            Value  Global    
        -----  ------            -----  ------            -----  ------    
ASxxxx Linker V03.00 + NoICE + sdld,  page 17.
Hexadecimal  [32-Bits]

Area                       Addr        Size        Decimal Bytes (Attributes)
--------------------       ----        ----        ------- ----- ------------
_HEADER4               00000000    0000004F =          79. bytes (ABS,CON)

        Value  Global            Value  Global            Value  Global    
        -----  ------            -----  ------            -----  ------    
     00000080  .int      |    0000008F  _wait_int |    0000009C  __standar
     000000AC  _refresh_
ASxxxx Linker V03.00 + NoICE + sdld,  page 18.
Hexadecimal  [32-Bits]

Area                       Addr        Size        Decimal Bytes (Attributes)
--------------------       ----        ----        ------- ----- ------------
_HEADER5               00000000    00000002 =           2. bytes (ABS,CON)

        Value  Global            Value  Global            Value  Global    
        -----  ------            -----  ------            -----  ------    
ASxxxx Linker V03.00 + NoICE + sdld,  page 19.
Hexadecimal  [32-Bits]

Area                       Addr        Size        Decimal Bytes (Attributes)
--------------------       ----        ----        ------- ----- ------------
_HEADER6               00000000    00000030 =          48. bytes (ABS,CON)

        Value  Global            Value  Global            Value  Global    
        -----  ------            -----  ------            -----  ------    
ASxxxx Linker V03.00 + NoICE + sdld,  page 20.
Hexadecimal  [32-Bits]

Area                       Addr        Size        Decimal Bytes (Attributes)
--------------------       ----        ----        ------- ----- ------------
_HEADER7               00000000    00000006 =           6. bytes (ABS,CON)

        Value  Global            Value  Global            Value  Global    
        -----  ------            -----  ------            -----  ------    
ASxxxx Linker V03.00 + NoICE + sdld,  page 21.
Hexadecimal  [32-Bits]

Area                       Addr        Size        Decimal Bytes (Attributes)
--------------------       ----        ----        ------- ----- ------------
_HEADER8               00000000    00000003 =           3. bytes (ABS,CON)

        Value  Global            Value  Global            Value  Global    
        -----  ------            -----  ------            -----  ------    
ASxxxx Linker V03.00 + NoICE + sdld,  page 22.
Hexadecimal  [32-Bits]

Area                       Addr        Size        Decimal Bytes (Attributes)
--------------------       ----        ----        ------- ----- ------------
_HEADER9               00000000    00000001 =           1. bytes (ABS,CON)

        Value  Global            Value  Global            Value  Global    
        -----  ------            -----  ------            -----  ------    
ASxxxx Linker V03.00 + NoICE + sdld,  page 23.
Hexadecimal  [32-Bits]

Area                       Addr        Size        Decimal Bytes (Attributes)
--------------------       ----        ----        ------- ----- ------------
_HEADERa               00000000    00000001 =           1. bytes (ABS,CON)

        Value  Global            Value  Global            Value  Global    
        -----  ------            -----  ------            -----  ------    
ASxxxx Linker V03.00 + NoICE + sdld,  page 24.
Hexadecimal  [32-Bits]

Area                       Addr        Size        Decimal Bytes (Attributes)
--------------------       ----        ----        ------- ----- ------------
_HEADERb               00000000    00000001 =           1. bytes (ABS,CON)

        Value  Global            Value  Global            Value  Global    
        -----  ------            -----  ------            -----  ------    
ASxxxx Linker V03.00 + NoICE + sdld,  page 25.
Hexadecimal  [32-Bits]

Area                       Addr        Size        Decimal Bytes (Attributes)
--------------------       ----        ----        ------- ----- ------------
_HEADERc               00000000    00000002 =           2. bytes (ABS,CON)

        Value  Global            Value  Global            Value  Global    
        -----  ------            -----  ------            -----  ------    
ASxxxx Linker V03.00 + NoICE + sdld,  page 26.
Hexadecimal  [32-Bits]

Area                       Addr        Size        Decimal Bytes (Attributes)
--------------------       ----        ----        ------- ----- ------------
_HEADERd               00000000    00000001 =           1. bytes (ABS,CON)

        Value  Global            Value  Global            Value  Global    
        -----  ------            -----  ------            -----  ------    
ASxxxx Linker V03.00 + NoICE + sdld,  page 27.
Hexadecimal  [32-Bits]

Area                       Addr        Size        Decimal Bytes (Attributes)
--------------------       ----        ----        ------- ----- ------------
_HEADERe               00000000    00000001 =           1. bytes (ABS,CON)

        Value  Global            Value  Global            Value  Global    
        -----  ------            -----  ------            -----  ------    
ASxxxx Linker V03.00 + NoICE + sdld,  page 28.
Hexadecimal  [32-Bits]

Area                       Addr        Size        Decimal Bytes (Attributes)
--------------------       ----        ----        ------- ----- ------------
_HEADERf               00000000    00000002 =           2. bytes (ABS,CON)

        Value  Global            Value  Global            Value  Global    
        -----  ------            -----  ------            -----  ------    
ASxxxx Linker V03.00 + NoICE + sdld,  page 29.
Hexadecimal  [32-Bits]

Area                       Addr        Size        Decimal Bytes (Attributes)
--------------------       ----        ----        ------- ----- ------------
_HEADER10              00000000    00000082 =         130. bytes (ABS,CON)

        Value  Global            Value  Global            Value  Global    
        -----  ------            -----  ------            -----  ------    
     00000150  .reset    |    00000150  _reset    |    00000157  .code_sta
     000001B7  _exit     |    000001BB  _set_inte
ASxxxx Linker V03.00 + NoICE + sdld,  page 30.
Hexadecimal  [32-Bits]

Area                       Addr        Size        Decimal Bytes (Attributes)
--------------------       ----        ----        ------- ----- ------------
_HEADER11              00000000    00000001 =           1. bytes (ABS,CON)

        Value  Global            Value  Global            Value  Global    
        -----  ------            -----  ------            -----  ------    
ASxxxx Linker V03.00 + NoICE + sdld,  page 31.
Hexadecimal  [32-Bits]

Area                       Addr        Size        Decimal Bytes (Attributes)
--------------------       ----        ----        ------- ----- ------------
_HOME                  000022AF    00000333 =         819. bytes (REL,CON)

        Value  Global            Value  Global            Value  Global    
        -----  ------            -----  ------            -----  ------    
     000022AF  .memset_s |    000022B8  .memcpy_s |    000022D5  .remove_V
     000022D8  .remove_i |    000022F5  .add_VBL  |    000022F8  .add_int 
     00002303  .wait_vbl |    00002303  _wait_vbl |    00002313  .display_
     00002313  _display_ |    0000232B  _remove_V |    00002336  _add_VBL 
     00002341  _rand     |    00002341  _randw    |    0000236C  _initrand
     0000236E  .initrand |    00002377  _abs      |    00002386  _set_tile
     0000238B  _set_bkg_ |    0000238B  _set_win_ |    00002393  _set_spri
     000023C3  .padup    |    000023C3  _waitpadu |    000023D3  .jpad    
     000023D3  _joypad   |    000023FB  _waitpad  |    000023FE  .wait_pad
     00002405  ___memcpy |    00002405  _memcpy   |    00002448  _clock   
     00002451  _set_bkg_ |    00002465  __divsuch |    00002472  __modsuch
     0000247C  __divusch |    0000248E  __modusch |    0000249E  __divscha
     000024AA  __modscha |    000024B4  __divsint |    000024C5  __modsint
     000024D4  __divucha |    000024E0  __moducha |    000024EA  __divuint
     000024FB  __moduint |    0000250A  .div8     |    0000250A  .mod8    
     00002512  .div16    |    00002512  .mod16    |    00002548  .divu8   
     00002548  .modu8    |    0000254B  .divu16   |    0000254B  .modu16  
     0000258C  .set_xy_w |    00002595  .set_xy_b |    000025A4  .set_xy_t
ASxxxx Linker V03.00 + NoICE + sdld,  page 32.
Hexadecimal  [32-Bits]

Area                       Addr        Size        Decimal Bytes (Attributes)
--------------------       ----        ----        ------- ----- ------------
_INITIALIZER           000025E2    00000005 =           5. bytes (REL,CON)

        Value  Global            Value  Global            Value  Global    
        -----  ------            -----  ------            -----  ------    
     000025E2  Fsnake_lo |    000025E4  Fsnake_lo |    000025E6  Fmain$__x
ASxxxx Linker V03.00 + NoICE + sdld,  page 33.
Hexadecimal  [32-Bits]

Area                       Addr        Size        Decimal Bytes (Attributes)
--------------------       ----        ----        ------- ----- ------------
_GSINIT                000025E7    0000000C =          12. bytes (REL,CON)

        Value  Global            Value  Global            Value  Global    
        -----  ------            -----  ------            -----  ------    
     000025E7  gsinit   
ASxxxx Linker V03.00 + NoICE + sdld,  page 34.
Hexadecimal  [32-Bits]

Area                       Addr        Size        Decimal Bytes (Attributes)
--------------------       ----        ----        ------- ----- ------------
_GSFINAL               000025F3    00000001 =           1. bytes (REL,CON)

        Value  Global            Value  Global            Value  Global    
        -----  ------            -----  ------            -----  ------    
ASxxxx Linker V03.00 + NoICE + sdld,  page 35.
Hexadecimal  [32-Bits]

Area                       Addr        Size        Decimal Bytes (Attributes)
--------------------       ----        ----        ------- ----- ------------
_DATA                  0000C0A0    0000032D =         813. bytes (REL,CON)

        Value  Global            Value  Global            Value  Global    
        -----  ------            -----  ------            -----  ------    
     0000C0A0  __cpu     |    0000C0A1  __is_GBA  |    0000C0A2  .mode    
     0000C0A3  .sys_time |    0000C0A3  _sys_time |    0000C0A5  .int_0x40
     0000C0B9  G$snake$0 |    0000C0B9  _snake    |    0000C112  G$turnara
     0000C112  _turnarao |    0000C383  G$apple$0 |    0000C383  _apple   
     0000C3AA  _hUGE_cur |    0000C3CB  .randhi   |    0000C3CC  .randlo  
ASxxxx Linker V03.00 + NoICE + sdld,  page 36.
Hexadecimal  [32-Bits]

Area                       Addr        Size        Decimal Bytes (Attributes)
--------------------       ----        ----        ------- ----- ------------
_INITIALIZED           0000C3CD    00000005 =           5. bytes (REL,CON)

        Value  Global            Value  Global            Value  Global    
        -----  ------            -----  ------            -----  ------    
     0000C3CD  G$lastTim |    0000C3CD  _lastTime |    0000C3CF  G$timeCou
     0000C3CF  _timeCoun |    0000C3D1  Fmain$app
ASxxxx Linker V03.00 + NoICE + sdld,  page 37.
Hexadecimal  [32-Bits]

Area                       Addr        Size        Decimal Bytes (Attributes)
--------------------       ----        ----        ------- ----- ------------
_HRAM12                00000000    00000003 =           3. bytes (ABS,CON)

        Value  Global            Value  Global            Value  Global    
        -----  ------            -----  ------            -----  ------    
     0000FF90  __current |    0000FF92  __shadow_
ASxxxx Linker V03.00 + NoICE + sdld,  page 38.

Files Linked                              [ module(s) ]

/opt/gbdk/lib/small/asxxxx/gb/crt0.o      [ Runtime ]
obj/snake_logic.o                         [ snake_logic ]
obj/main.o                                [ main ]
obj/ingame_music.o                        [ ingame_music ]
obj/snake_bg_tiles.o                      [ snake_bg_tiles ]
obj/simple_snake_tiles.o                  [ simple_snake_tiles ]
obj/snake_bg.o                            [ snake_bg ]
./hugedriver/hUGEDriver.obj.o             [ hUGEDriver_obj ]


Libraries Linked                          [ object file ]

/opt/gbdk/lib/small/asxxxx/gbz80/gbz80.lib
                                          [ rand.o ]
/opt/gbdk/lib/small/asxxxx/gb/gb.lib      [ cgb_palettes.o ]
/opt/gbdk/lib/small/asxxxx/gb/gb.lib      [ get_tile.o ]
/opt/gbdk/lib/small/asxxxx/gbz80/gbz80.lib
                                          [ abs.o ]
/opt/gbdk/lib/small/asxxxx/gb/gb.lib      [ set_data.o ]
/opt/gbdk/lib/small/asxxxx/gb/gb.lib      [ sfr.o ]
/opt/gbdk/lib/small/asxxxx/gb/gb.lib      [ pad.o ]
/opt/gbdk/lib/small/asxxxx/gbz80/gbz80.lib
                                          [ _memcpy.o ]
/opt/gbdk/lib/small/asxxxx/gb/gb.lib      [ clock.o ]
/opt/gbdk/lib/small/asxxxx/gb/gb.lib      [ set_bk_t.o ]
/opt/gbdk/lib/small/asxxxx/gbz80/gbz80.lib
                                          [ div.o ]
/opt/gbdk/lib/small/asxxxx/gb/gb.lib      [ set_xy_t.o ]

ASxxxx Linker V03.00 + NoICE + sdld,  page 39.

User Base Address Definitions

_DATA=0xC0A0
_CODE=0x0200
ASxxxx Linker V03.00 + NoICE + sdld,  page 40.

User Global Definitions

_shadow_OAM=0xC000
.STACK=0xE000
.refresh_OAM=0xFF80

